// Jest Snapshot v1, https://jestjs.io/docs/snapshot-testing

exports[`isBot features findBotPattern: find first pattern in bot user agent string 1`] = `"(?<! channel/|google/)google(?!(?:wv|app|/google| pixel))"`;

exports[`isBot module interface interface is as expected 1`] = `
[
  [
    "list",
    "Array",
  ],
  [
    "isBotNaive",
    "Function",
  ],
  [
    "createIsBot",
    "Function",
  ],
  [
    "createIsBotFromList",
    "Function",
  ],
  [
    "findBotMatch",
    "Function",
  ],
  [
    "findBotMatches",
    "Function",
  ],
  [
    "findBotPattern",
    "Function",
  ],
  [
    "findBotPatterns",
    "Function",
  ],
  [
    "isbot",
    "Function",
  ],
  [
    "isbotNaive",
    "Function",
  ],
  [
    "createIsbot",
    "Function",
  ],
  [
    "createIsbotFromList",
    "Function",
  ],
  [
    "isbotMatch",
    "Function",
  ],
  [
    "isbotMatches",
    "Function",
  ],
  [
    "isbotPattern",
    "Function",
  ],
  [
    "isbotPatterns",
    "Function",
  ],
  [
    "getPattern",
    "Function",
  ],
  [
    "isBot",
    "Function",
  ],
]
`;
